// Jest Snapshot v1, https://goo.gl/fbAQLP

exports[`Icon xxx 1`] = `
<svg
  className="icon"
  fill="currentcolor"
>
  <use
    xlinkHref="#alipay"
  />
</svg>
`;
